Microchip MPLAB XC8 Compiler V2.41

Linker command line:

-W-3 \
  --edf=C:\Program Files\Microchip\xc8\v2.41\pic\dat\20230208172133_en.msgs \
  -cn \
  -h+dist/default/production\ADC_With_4_Bit_Character_LCD_Project.production.sym \
  --cmf=dist/default/production\ADC_With_4_Bit_Character_LCD_Project.production.cmf \
  -z -Q18F4620 \
  -oC:\Users\MOHAME~1.MOH\AppData\Local\Temp\xcAs3n0.\driver_tmp_3.o \
  --defsym=__MPLAB_BUILD=1 --fixupoverflow=error \
  -Mdist/default/production/ADC_With_4_Bit_Character_LCD_Project.production.map \
  --md=C:\Users\MOHAME~1.MOH\AppData\Local\Temp\xcAs3n0.\driver_tmp_0.dat \
  -E1 -ver=XC8 Compiler --acfsm=1493 -ACODE=00h-0FFFFh -ACONST=00h-0FFFFh \
  -ASMALLCONST=01000h-010FFhx240 -AMEDIUMCONST=01000h-0FFFFh \
  -ACOMRAM=01h-07Fh -AABS1=00h-0F7Fh -ABIGRAM=01h-0F7Fh \
  -ARAM=080h-0FFh,0100h-01FFhx14,0F00h-0F7Fh -ABANK0=080h-0FFh \
  -ABANK1=0100h-01FFh -ABANK2=0200h-02FFh -ABANK3=0300h-03FFh \
  -ABANK4=0400h-04FFh -ABANK5=0500h-05FFh -ABANK6=0600h-06FFh \
  -ABANK7=0700h-07FFh -ABANK8=0800h-08FFh -ABANK9=0900h-09FFh \
  -ABANK10=0A00h-0AFFh -ABANK11=0B00h-0BFFh -ABANK12=0C00h-0CFFh \
  -ABANK13=0D00h-0DFFh -ABANK14=0E00h-0EFFh -ABANK15=0F00h-0F7Fh \
  -ASFR=0F80h-0FFFh -ABIGSFR=0F80h-0FFFh -ACONFIG=0300000h-030000Dh \
  -AIDLOC=0200000h-0200007h -AEEDATA=0F00000h-0F003FFh -peeprom_data=EEDATA \
  -preset_vec=00h,intcode=08h,intcodelo,powerup,init -pramtop=01000h \
  -psmallconst=SMALLCONST -pmediumconst=MEDIUMCONST -pconst=CONST \
  -AFARRAM=00h-00h \
  -prdata=COMRAM,nvrram=COMRAM,nvbit=COMRAM,rbss=COMRAM,rbit=COMRAM \
  -pfarbss=FARRAM,fardata=FARRAM,nvFARRAM=FARRAM \
  -pintsave_regs=BIGRAM,bigbss=BIGRAM,bigdata=BIGRAM -pbss=RAM \
  -pidata=CODE,irdata=CODE,ibigdata=CODE,ifardata=CODE -prparam=COMRAM \
  C:\Users\MOHAME~1.MOH\AppData\Local\Temp\xcAs3n0.\driver_tmp_14.o \
  dist/default/production\ADC_With_4_Bit_Character_LCD_Project.production.o 

Object code version is 3.11

Machine type is 18F4620



                Name                               Link     Load   Length Selector   Space Scale
C:\Users\MOHAME~1.MOH\AppData\Local\Temp\xcAs3n0.\driver_tmp_14.o
                idloc                            200000   200000        8        0       5
                config                           300000   300000        E        0       4
                init                                  E        E        4        4       0
                reset_vec                             0        0        4        0       0
dist/default/production\ADC_With_4_Bit_Character_LCD_Project.production.o
                intcode                               8        8        6        4       0
                idloc                            200000   200000        8        0       5
                config                           300000   300000        E        0       4
                temp                                 73       73        1        1       1
                smallconst                         1000     1000       3E      800       0
                text56                             21E0     21E0       C4      81F       0
                text55                             241E     241E       B6      81F       0
                text54                             2CAE     2CAE       30      81F       0
                text53                             2E1E     2E1E        4     1692       0
                text52                             2E1A     2E1A        4     1692       0
                text51                             2E16     2E16        4     1692       0
                text50                             2E12     2E12        4     1692       0
                text49                             2E0E     2E0E        4     1692       0
                text48                             2E0A     2E0A        4     1692       0
                text47                             2E06     2E06        4     1692       0
                text46                             2D8C     2D8C       1A     1692       0
                text45                             2D72     2D72       1A     1692       0
                text44                             2D58     2D58       1A     1692       0
                text43                             2D3E     2D3E       1A     1692       0
                text42                             2DE8     2DE8        E     1692       0
                text41                             2DDA     2DDA        E     1692       0
                text40                             2DF6     2DF6        8     1692       0
                text39                             2DCC     2DCC        E     1692       0
                text38                             2E24     2E24        2     1692       0
                text37                             2E02     2E02        4     1692       0
                intcode_body                       103E     103E      406      81F       0
                text35                             1F7A     1F7A       D8      81F       0
                text34                             2C08     2C08       3A      81F       0
                text33                             2CDE     2CDE       24      81F       0
                text32                             2BCA     2BCA       3E      81F       0
                text31                             2AB8     2AB8       4A      81F       0
                text30                             2B46     2B46       44      81F       0
                text29                             22A4     22A4       C0      81F       0
                text28                             198E     198E      144      81F       0
                text27                             1BFE     1BFE      12C      81F       0
                text26                             2948     2948       6C      81F       0
                text25                             2C78     2C78       36      81F       0
                text24                             29B4     29B4       68      81F       0
                text23                             28D6     28D6       72      81F       0
                text22                             1E52     1E52      128      81F       0
                text21                             2C42     2C42       36      81F       0
                text20                             26CC     26CC       90      81F       0
                text19                             1D2A     1D2A      128      81F       0
                text18                             2D24     2D24       1A     1692       0
                text17                             2DBA     2DBA       12     1692       0
                text16                             1818     1818      176      81F       0
                text15                             211C     211C       C4      81F       0
                text14                             24D4     24D4       B0      81F       0
                text13                             2B8A     2B8A       40      81F       0
                text12                             2E22     2E22        2     1692       0
                text11                             2052     2052       CA      81F       0
                text10                             2B02     2B02       44      81F       0
                text9                              27EA     27EA       7A      81F       0
                text8                              1682     1682      196      81F       0
                text7                              1AD2     1AD2      12C      81F       0
                text6                              2A1C     2A1C       50      81F       0
                text5                              2A6C     2A6C       4C      81F       0
                text4                              2364     2364       BA      81F       0
                text3                              2864     2864       72      81F       0
                text2                              2584     2584       A8      81F       0
                text1                              262C     262C       A0      81F       0
                text0                              1444     1444      23E      81F       0
                cstackCOMRAM                          1        1       64        1       1
                cstackBANK0                          FF       FF        1       80       1
                cstackBANK1                         13A      13A        A      100       1
                dataBANK1                           126      126       14      100       1
                bssBANK1                            100      100       26      100       1
                dataBANK0                            DE       DE       21       80       1
                bssBANK0                             80       80       5E       80       1
                dataCOMRAM                           6F       6F        4        1       1
                bssCOMRAM                            65       65        A        1       1
                cinit                              275C     275C       8E      81F       0
                idataBANK1                         2DA6     2DA6       14     1692       0
                idataBANK0                         2D02     2D02       21      81F       0
                idataCOMRAM                        2DFE     2DFE        4     1692       0

TOTAL           Name                               Link     Load   Length     Space
        CLASS   CODE           
                intcode                               8        8        6         0
                init                                  E        E        4         0
                reset_vec                             0        0        4         0
                text56                             21E0     21E0       C4         0
                text55                             241E     241E       B6         0
                text54                             2CAE     2CAE       30         0
                text53                             2E1E     2E1E        4         0
                text52                             2E1A     2E1A        4         0
                text51                             2E16     2E16        4         0
                text50                             2E12     2E12        4         0
                text49                             2E0E     2E0E        4         0
                text48                             2E0A     2E0A        4         0
                text47                             2E06     2E06        4         0
                text46                             2D8C     2D8C       1A         0
                text45                             2D72     2D72       1A         0
                text44                             2D58     2D58       1A         0
                text43                             2D3E     2D3E       1A         0
                text42                             2DE8     2DE8        E         0
                text41                             2DDA     2DDA        E         0
                text40                             2DF6     2DF6        8         0
                text39                             2DCC     2DCC        E         0
                text38                             2E24     2E24        2         0
                text37                             2E02     2E02        4         0
                intcode_body                       103E     103E      406         0
                text35                             1F7A     1F7A       D8         0
                text34                             2C08     2C08       3A         0
                text33                             2CDE     2CDE       24         0
                text32                             2BCA     2BCA       3E         0
                text31                             2AB8     2AB8       4A         0
                text30                             2B46     2B46       44         0
                text29                             22A4     22A4       C0         0
                text28                             198E     198E      144         0
                text27                             1BFE     1BFE      12C         0
                text26                             2948     2948       6C         0
                text25                             2C78     2C78       36         0
                text24                             29B4     29B4       68         0
                text23                             28D6     28D6       72         0
                text22                             1E52     1E52      128         0
                text21                             2C42     2C42       36         0
                text20                             26CC     26CC       90         0
                text19                             1D2A     1D2A      128         0
                text18                             2D24     2D24       1A         0
                text17                             2DBA     2DBA       12         0
                text16                             1818     1818      176         0
                text15                             211C     211C       C4         0
                text14                             24D4     24D4       B0         0
                text13                             2B8A     2B8A       40         0
                text12                             2E22     2E22        2         0
                text11                             2052     2052       CA         0
                text10                             2B02     2B02       44         0
                text9                              27EA     27EA       7A         0
                text8                              1682     1682      196         0
                text7                              1AD2     1AD2      12C         0
                text6                              2A1C     2A1C       50         0
                text5                              2A6C     2A6C       4C         0
                text4                              2364     2364       BA         0
                text3                              2864     2864       72         0
                text2                              2584     2584       A8         0
                text1                              262C     262C       A0         0
                text0                              1444     1444      23E         0
                cinit                              275C     275C       8E         0
                idataBANK1                         2DA6     2DA6       14         0
                idataBANK0                         2D02     2D02       21         0
                idataCOMRAM                        2DFE     2DFE        4         0

        CLASS   CONST          

        CLASS   SMALLCONST     
                smallconst                         1000     1000       3E         0

        CLASS   MEDIUMCONST    

        CLASS   COMRAM         
                temp                                 73       73        1         1
                cstackCOMRAM                          1        1       64         1
                dataCOMRAM                           6F       6F        4         1
                bssCOMRAM                            65       65        A         1

        CLASS   ABS1           

        CLASS   BIGRAM         

        CLASS   RAM            

        CLASS   BANK0          
                cstackBANK0                          FF       FF        1         1
                dataBANK0                            DE       DE       21         1
                bssBANK0                             80       80       5E         1

        CLASS   BANK1          
                cstackBANK1                         13A      13A        A         1
                dataBANK1                           126      126       14         1
                bssBANK1                            100      100       26         1

        CLASS   BANK2          

        CLASS   BANK3          

        CLASS   BANK4          

        CLASS   BANK5          

        CLASS   BANK6          

        CLASS   BANK7          

        CLASS   BANK8          

        CLASS   BANK9          

        CLASS   BANK10         

        CLASS   BANK11         

        CLASS   BANK12         

        CLASS   BANK13         

        CLASS   BANK14         

        CLASS   BANK15         

        CLASS   SFR            

        CLASS   BIGSFR         

        CLASS   CONFIG         
                config                           300000   300000        E         4

        CLASS   IDLOC          
                idloc                            200000   200000        8         5

        CLASS   EEDATA         

        CLASS   FARRAM         

        CLASS   HEAP           

        CLASS   STACK          



SEGMENTS        Name                           Load    Length   Top    Selector   Space  Class

                reset_vec                      000000  000004  000004         0       0  CODE    
                cstackCOMRAM                   000001  000073  000074         1       1  COMRAM  
                intcode                        000008  00000A  000012         4       0  CODE    
                bssBANK0                       000080  000080  000100        80       1  BANK0   
                bssBANK1                       000100  000044  000144       100       1  BANK1   
                smallconst                     001000  00003E  00103E       800       0  SMALLCON
                intcode_body                   00103E  001CE5  002D23       81F       0  CODE    
                text18                         002D24  000102  002E26      1692       0  CODE    


UNUSED ADDRESS RANGES

        Name                Unused          Largest block    Delta
        BANK1            000144-0001FF               BC
        BANK10           000A00-000AFF              100
        BANK11           000B00-000BFF              100
        BANK12           000C00-000CFF              100
        BANK13           000D00-000DFF              100
        BANK14           000E00-000EFF              100
        BANK15           000F00-000F7F               80
        BANK2            000200-0002FF              100
        BANK3            000300-0003FF              100
        BANK4            000400-0004FF              100
        BANK5            000500-0005FF              100
        BANK6            000600-0006FF              100
        BANK7            000700-0007FF              100
        BANK8            000800-0008FF              100
        BANK9            000900-0009FF              100
        BIGRAM           000074-00007F                C
                         000144-000F7F              E3C
        BIGSFR           000F80-000FFF               80
        CODE             000004-000007                4
                         000012-000FFF              FEE
                         002D23-002D23                1
                         002E26-00FFFF             D1DA
        COMRAM           000074-00007F                C
        CONST            000004-000007                4
                         000012-000FFF              FEE
                         002D23-002D23                1
                         002E26-00FFFF             D1DA
        EEDATA           F00000-F003FF              400
        MEDIUMCONST      002D23-002D23                1
                         002E26-00FFFF             D1DA
        RAM              000144-000F7F              100
        SFR              000F80-000FFF               80
        SMALLCONST       002D23-002D23                1
                         002E26-00FFFF              100

                                  Symbol Table

?___awdiv                                          cstackCOMRAM 00000D
?___awmod                                          cstackCOMRAM 00000D
?_abs                                              cstackCOMRAM 000013
?_sprintf                                          cstackCOMRAM 00004B
?_vfprintf                                         cstackCOMRAM 000043
ADC_GetConversionResult@_adc                       cstackCOMRAM 000001
ADC_GetConversionResult@conversion_result          cstackCOMRAM 000003
ADC_GetConversionResult@ret                        cstackCOMRAM 000008
ADC_Init@_adc                                      cstackCOMRAM 000010
ADC_Init@ret                                       cstackCOMRAM 000013
ADC_SelectChannel@_adc                             cstackCOMRAM 000010
ADC_SelectChannel@channel                          cstackCOMRAM 000012
ADC_SelectChannel@ret                              cstackCOMRAM 000014
ADC_StartConversion@_adc                           cstackCOMRAM 00000D
ADC_StartConversion@ret                            cstackCOMRAM 00000F
ADC_StartConversion_Interrupt@_adc                 cstackCOMRAM 000015
ADC_StartConversion_Interrupt@channel              cstackCOMRAM 000017
ADC_StartConversion_Interrupt@ret                  cstackCOMRAM 000018
CCP_Set_Compare_Mode_Value@F3106                   bssBANK0     0000BE
RB4_ISR@RB4_Source                                 cstackCOMRAM 000001
RB5_ISR@RB5_Source                                 cstackCOMRAM 000001
RB6_ISR@RB6_Source                                 cstackCOMRAM 000001
RB7_ISR@RB7_Source                                 cstackCOMRAM 000001
_ADCON0bits                                        (abs)        000FC2
_ADCON1bits                                        (abs)        000FC1
_ADCON2bits                                        (abs)        000FC0
_ADC_DefaultInterruptHandler                       text55       00241E
_ADC_GetConversionResult                           text56       0021E0
_ADC_ISR                                           text54       002CAE
_ADC_Init                                          text29       0022A4
_ADC_InterruptHandler                              bssBANK0     0000C4
_ADC_Req                                           bssCOMRAM    000066
_ADC_SelectChannel                                 text34       002C08
_ADC_StartConversion                               text33       002CDE
_ADC_StartConversion_Interrupt                     text32       002BCA
_ADRESH                                            (abs)        000FC4
_ADRESL                                            (abs)        000FC3
_BAUDCONbits                                       (abs)        000FB8
_CCP1CONbits                                       (abs)        000FBD
_CCP1_ISR                                          text53       002E1E
_CCP1_InterruptHandler                             bssBANK0     0000C2
_CCP2CONbits                                       (abs)        000FBA
_CCP2_ISR                                          text52       002E1A
_CCP2_InterruptHandler                             bssBANK0     0000C0
_CCPR1H                                            (abs)        000FBF
_CCPR1L                                            (abs)        000FBE
_CCPR2H                                            (abs)        000FBC
_CCPR2L                                            (abs)        000FBB
_EEADR                                             (abs)        000FA9
_EEADRH                                            (abs)        000FAA
_EECON1bits                                        (abs)        000FA6
_EECON2                                            (abs)        000FA7
_EEDATA                                            (abs)        000FA8
_INT0_ISR                                          text51       002E16
_INT0_InterruptHandler                             bssBANK0     0000B6
_INT1_ISR                                          text50       002E12
_INT1_InterruptHandler                             bssBANK0     0000B4
_INT2_ISR                                          text49       002E0E
_INT2_InterruptHandler                             bssBANK0     0000B2
_INTCON2bits                                       (abs)        000FF1
_INTCON3bits                                       (abs)        000FF0
_INTCONbits                                        (abs)        000FF2
_InterruptManager                                  intcode      000008
_LATA                                              (abs)        000F89
_LATB                                              (abs)        000F8A
_LATC                                              (abs)        000F8B
_LATD                                              (abs)        000F8C
_LATE                                              (abs)        000F8D
_MSSP_I2C_BC_ISR                                   text48       002E0A
_MSSP_I2C_DefaultInterruptHandler                  bssBANK0     0000BC
_MSSP_I2C_ISR                                      text47       002E06
_MSSP_I2C_Report_Receive_Overflow_InterruptHandler bssBANK0     0000B8
_MSSP_I2C_Report_Write_Collision_InterruptHandler  bssBANK0     0000BA
_PIE1bits                                          (abs)        000F9D
_PIE2bits                                          (abs)        000FA0
_PIR1bits                                          (abs)        000F9E
_PIR2bits                                          (abs)        000FA1
_PORTA                                             (abs)        000F80
_PORTB                                             (abs)        000F81
_PORTBbits                                         (abs)        000F81
_PORTC                                             (abs)        000F82
_PORTD                                             (abs)        000F83
_PORTE                                             (abs)        000F84
_RB4_Flag                                          dataCOMRAM   000072
_RB4_ISR                                           text46       002D8C
_RB4_InterruptHandler_HIGH                         bssBANK0     0000B0
_RB4_InterruptHandler_LOW                          bssBANK0     0000AE
_RB5_Flag                                          dataCOMRAM   000071
_RB5_ISR                                           text45       002D72
_RB5_InterruptHandler_HIGH                         bssBANK0     0000AC
_RB5_InterruptHandler_LOW                          bssBANK0     0000AA
_RB6_Flag                                          dataCOMRAM   000070
_RB6_ISR                                           text44       002D58
_RB6_InterruptHandler_HIGH                         bssBANK0     0000A8
_RB6_InterruptHandler_LOW                          bssBANK0     0000A6
_RB7_Flag                                          dataCOMRAM   00006F
_RB7_ISR                                           text43       002D3E
_RB7_InterruptHandler_HIGH                         bssBANK0     0000A4
_RB7_InterruptHandler_LOW                          bssBANK0     0000A2
_RCREG                                             (abs)        000FAE
_RCSTAbits                                         (abs)        000FAB
_SPBRG                                             (abs)        000FAF
_SPBRGH                                            (abs)        000FB0
_SSPADD                                            (abs)        000FC8
_SSPBUF                                            (abs)        000FC9
_SSPCON1bits                                       (abs)        000FC6
_SSPCON2bits                                       (abs)        000FC5
_SSPSTATbits                                       (abs)        000FC7
_T0CONbits                                         (abs)        000FD5
_T1CONbits                                         (abs)        000FCD
_T2CONbits                                         (abs)        000FCA
_T3CONbits                                         (abs)        000FB1
_TMR0H                                             (abs)        000FD7
_TMR0L                                             (abs)        000FD6
_TMR0_ISR                                          text42       002DE8
_TMR0_InterruptHandler                             bssBANK0     00009E
_TMR1H                                             (abs)        000FCF
_TMR1L                                             (abs)        000FCE
_TMR1_ISR                                          text41       002DDA
_TMR1_InterruptHandler                             bssBANK0     00009A
_TMR2                                              (abs)        000FCC
_TMR2_ISR                                          text40       002DF6
_TMR2_InterruptHandler                             bssBANK0     000098
_TMR3H                                             (abs)        000FB3
_TMR3L                                             (abs)        000FB2
_TMR3_ISR                                          text39       002DCC
_TMR3_InterruptHandler                             bssBANK0     000094
_TRISA                                             (abs)        000F92
_TRISB                                             (abs)        000F93
_TRISC                                             (abs)        000F94
_TRISCbits                                         (abs)        000F94
_TRISD                                             (abs)        000F95
_TRISE                                             (abs)        000F96
_TXREG                                             (abs)        000FAD
_TXSTAbits                                         (abs)        000FAC
_USART_FramingErrorHandler                         bssBANK0     00008E
_USART_OverrunErrorHandler                         bssBANK0     00008C
_USART_RX_ISR                                      text38       002E24
_USART_RxDefaultInterruptHandler                   bssBANK0     000090
_USART_TX_ISR                                      text37       002E02
_USART_TxDefaultInterruptHandler                   bssBANK0     000092
__HRAM                                             (abs)        000000
__H__absolute__                                    __absolute__ 000000
__Habs1                                            abs1         000000
__Hbank0                                           bank0        000000
__Hbank1                                           bank1        000000
__Hbank10                                          bank10       000000
__Hbank11                                          bank11       000000
__Hbank12                                          bank12       000000
__Hbank13                                          bank13       000000
__Hbank14                                          bank14       000000
__Hbank15                                          bank15       000000
__Hbank2                                           bank2        000000
__Hbank3                                           bank3        000000
__Hbank4                                           bank4        000000
__Hbank5                                           bank5        000000
__Hbank6                                           bank6        000000
__Hbank7                                           bank7        000000
__Hbank8                                           bank8        000000
__Hbank9                                           bank9        000000
__Hbigbss                                          bigbss       000000
__Hbigdata                                         bigdata      000000
__Hbigram                                          bigram       000000
__Hbigsfr                                          bigsfr       000000
__Hbss                                             bss          000000
__HbssBANK0                                        bssBANK0     000000
__HbssBANK1                                        bssBANK1     000000
__HbssCOMRAM                                       bssCOMRAM    000000
__Hcinit                                           cinit        000000
__Hclrtext                                         clrtext      000000
__Hcomram                                          comram       000000
__Hconfig                                          config       30000E
__Hconst                                           const        000000
__HcstackBANK0                                     cstackBANK0  000000
__HcstackBANK1                                     cstackBANK1  000000
__HcstackCOMRAM                                    cstackCOMRAM 000000
__Hdata                                            data         000000
__HdataBANK0                                       dataBANK0    000000
__HdataBANK1                                       dataBANK1    000000
__HdataCOMRAM                                      dataCOMRAM   000000
__Heeprom_data                                     eeprom_data  000000
__Hfarbss                                          farbss       000000
__Hfardata                                         fardata      000000
__Hheap                                            heap         000000
__Hibigdata                                        ibigdata     000000
__Hidata                                           idata        000000
__HidataBANK0                                      idataBANK0   000000
__HidataBANK1                                      idataBANK1   000000
__HidataCOMRAM                                     idataCOMRAM  000000
__Hidloc                                           idloc        200008
__Hifardata                                        ifardata     000000
__Hinit                                            init         000012
__Hintcode                                         intcode      00000E
__Hintcode_body                                    intcode_body 000000
__Hintcodelo                                       intcodelo    00000E
__Hintentry                                        intentry     000000
__Hintret                                          intret       000000
__Hintsave_regs                                    intsave_regs 000000
__Hirdata                                          irdata       000000
__Hmediumconst                                     mediumconst  000000
__HnvFARRAM                                        nvFARRAM     000000
__Hnvbit                                           nvbit        000000
__Hnvrram                                          nvrram       000000
__Hparam                                           rparam       000000
__Hpowerup                                         powerup      00000E
__Hram                                             ram          000000
__Hramtop                                          ramtop       001000
__Hrbit                                            rbit         000000
__Hrbss                                            rbss         000000
__Hrdata                                           rdata        000000
__Hreset_vec                                       reset_vec    000004
__Hrparam                                          rparam       000000
__Hsfr                                             sfr          000000
__Hsmallconst                                      smallconst   00103E
__Hspace_0                                         (abs)        002E26
__Hspace_1                                         (abs)        000144
__Hspace_2                                         (abs)        000000
__Hspace_4                                         (abs)        60000E
__Hstack                                           stack        000000
__Hstruct                                          struct       000000
__Htemp                                            temp         000074
__Htext                                            text         000000
__Htext0                                           text0        000000
__Htext1                                           text1        000000
__Htext10                                          text10       000000
__Htext11                                          text11       000000
__Htext12                                          text12       000000
__Htext13                                          text13       000000
__Htext14                                          text14       000000
__Htext15                                          text15       000000
__Htext16                                          text16       000000
__Htext17                                          text17       000000
__Htext18                                          text18       000000
__Htext19                                          text19       000000
__Htext2                                           text2        000000
__Htext20                                          text20       000000
__Htext21                                          text21       000000
__Htext22                                          text22       000000
__Htext23                                          text23       000000
__Htext24                                          text24       000000
__Htext25                                          text25       000000
__Htext26                                          text26       000000
__Htext27                                          text27       000000
__Htext28                                          text28       000000
__Htext29                                          text29       000000
__Htext3                                           text3        000000
__Htext30                                          text30       000000
__Htext31                                          text31       000000
__Htext32                                          text32       000000
__Htext33                                          text33       000000
__Htext34                                          text34       000000
__Htext35                                          text35       000000
__Htext37                                          text37       000000
__Htext38                                          text38       000000
__Htext39                                          text39       000000
__Htext4                                           text4        000000
__Htext40                                          text40       000000
__Htext41                                          text41       000000
__Htext42                                          text42       000000
__Htext43                                          text43       000000
__Htext44                                          text44       000000
__Htext45                                          text45       000000
__Htext46                                          text46       000000
__Htext47                                          text47       000000
__Htext48                                          text48       000000
__Htext49                                          text49       000000
__Htext5                                           text5        000000
__Htext50                                          text50       000000
__Htext51                                          text51       000000
__Htext52                                          text52       000000
__Htext53                                          text53       000000
__Htext54                                          text54       000000
__Htext55                                          text55       000000
__Htext56                                          text56       000000
__Htext57                                          text57       000000
__Htext6                                           text6        000000
__Htext7                                           text7        000000
__Htext8                                           text8        000000
__Htext9                                           text9        000000
__LRAM                                             (abs)        000001
__L__absolute__                                    __absolute__ 000000
__Labs1                                            abs1         000000
__Lbank0                                           bank0        000000
__Lbank1                                           bank1        000000
__Lbank10                                          bank10       000000
__Lbank11                                          bank11       000000
__Lbank12                                          bank12       000000
__Lbank13                                          bank13       000000
__Lbank14                                          bank14       000000
__Lbank15                                          bank15       000000
__Lbank2                                           bank2        000000
__Lbank3                                           bank3        000000
__Lbank4                                           bank4        000000
__Lbank5                                           bank5        000000
__Lbank6                                           bank6        000000
__Lbank7                                           bank7        000000
__Lbank8                                           bank8        000000
__Lbank9                                           bank9        000000
__Lbigbss                                          bigbss       000000
__Lbigdata                                         bigdata      000000
__Lbigram                                          bigram       000000
__Lbigsfr                                          bigsfr       000000
__Lbss                                             bss          000000
__LbssBANK0                                        bssBANK0     000000
__LbssBANK1                                        bssBANK1     000000
__LbssCOMRAM                                       bssCOMRAM    000000
__Lcinit                                           cinit        000000
__Lclrtext                                         clrtext      000000
__Lcomram                                          comram       000000
__Lconfig                                          config       000000
__Lconst                                           const        000000
__LcstackBANK0                                     cstackBANK0  000000
__LcstackBANK1                                     cstackBANK1  000000
__LcstackCOMRAM                                    cstackCOMRAM 000000
__Ldata                                            data         000000
__LdataBANK0                                       dataBANK0    000000
__LdataBANK1                                       dataBANK1    000000
__LdataCOMRAM                                      dataCOMRAM   000000
__Leeprom_data                                     eeprom_data  000000
__Lfarbss                                          farbss       000000
__Lfardata                                         fardata      000000
__Lheap                                            heap         000000
__Libigdata                                        ibigdata     000000
__Lidata                                           idata        000000
__LidataBANK0                                      idataBANK0   000000
__LidataBANK1                                      idataBANK1   000000
__LidataCOMRAM                                     idataCOMRAM  000000
__Lidloc                                           idloc        000000
__Lifardata                                        ifardata     000000
__Linit                                            init         00000E
__Lintcode                                         intcode      000008
__Lintcode_body                                    intcode_body 000000
__Lintcodelo                                       intcodelo    00000E
__Lintentry                                        intentry     000000
__Lintret                                          intret       000000
__Lintsave_regs                                    intsave_regs 000000
__Lirdata                                          irdata       000000
__Lmediumconst                                     mediumconst  000000
__LnvFARRAM                                        nvFARRAM     000000
__Lnvbit                                           nvbit        000000
__Lnvrram                                          nvrram       000000
__Lparam                                           rparam       000000
__Lpowerup                                         powerup      00000E
__Lram                                             ram          000000
__Lramtop                                          ramtop       001000
__Lrbit                                            rbit         000000
__Lrbss                                            rbss         000000
__Lrdata                                           rdata        000000
__Lreset_vec                                       reset_vec    000000
__Lrparam                                          rparam       000000
__Lsfr                                             sfr          000000
__Lsmallconst                                      smallconst   001000
__Lspace_0                                         (abs)        000000
__Lspace_1                                         (abs)        000000
__Lspace_2                                         (abs)        000000
__Lspace_4                                         (abs)        000000
__Lstack                                           stack        000000
__Lstruct                                          struct       000000
__Ltemp                                            temp         000073
__Ltext                                            text         000000
__Ltext0                                           text0        000000
__Ltext1                                           text1        000000
__Ltext10                                          text10       000000
__Ltext11                                          text11       000000
__Ltext12                                          text12       000000
__Ltext13                                          text13       000000
__Ltext14                                          text14       000000
__Ltext15                                          text15       000000
__Ltext16                                          text16       000000
__Ltext17                                          text17       000000
__Ltext18                                          text18       000000
__Ltext19                                          text19       000000
__Ltext2                                           text2        000000
__Ltext20                                          text20       000000
__Ltext21                                          text21       000000
__Ltext22                                          text22       000000
__Ltext23                                          text23       000000
__Ltext24                                          text24       000000
__Ltext25                                          text25       000000
__Ltext26                                          text26       000000
__Ltext27                                          text27       000000
__Ltext28                                          text28       000000
__Ltext29                                          text29       000000
__Ltext3                                           text3        000000
__Ltext30                                          text30       000000
__Ltext31                                          text31       000000
__Ltext32                                          text32       000000
__Ltext33                                          text33       000000
__Ltext34                                          text34       000000
__Ltext35                                          text35       000000
__Ltext37                                          text37       000000
__Ltext38                                          text38       000000
__Ltext39                                          text39       000000
__Ltext4                                           text4        000000
__Ltext40                                          text40       000000
__Ltext41                                          text41       000000
__Ltext42                                          text42       000000
__Ltext43                                          text43       000000
__Ltext44                                          text44       000000
__Ltext45                                          text45       000000
__Ltext46                                          text46       000000
__Ltext47                                          text47       000000
__Ltext48                                          text48       000000
__Ltext49                                          text49       000000
__Ltext5                                           text5        000000
__Ltext50                                          text50       000000
__Ltext51                                          text51       000000
__Ltext52                                          text52       000000
__Ltext53                                          text53       000000
__Ltext54                                          text54       000000
__Ltext55                                          text55       000000
__Ltext56                                          text56       000000
__Ltext57                                          text57       000000
__Ltext6                                           text6        000000
__Ltext7                                           text7        000000
__Ltext8                                           text8        000000
__Ltext9                                           text9        000000
__S0                                               (abs)        002E26
__S1                                               (abs)        000144
__S4                                               (abs)        000000
__S5                                               (abs)        000000
___awdiv                                           text15       00211C
___awdiv@counter                                   cstackCOMRAM 000011
___awdiv@dividend                                  cstackCOMRAM 00000D
___awdiv@divisor                                   cstackCOMRAM 00000F
___awdiv@quotient                                  cstackCOMRAM 000013
___awdiv@sign                                      cstackCOMRAM 000012
___awmod                                           text14       0024D4
___awmod@counter                                   cstackCOMRAM 000011
___awmod@dividend                                  cstackCOMRAM 00000D
___awmod@divisor                                   cstackCOMRAM 00000F
___awmod@sign                                      cstackCOMRAM 000012
___heap_hi                                         (abs)        000000
___heap_lo                                         (abs)        000000
___inthi_sp                                        stack        000000
___intlo_sp                                        stack        000000
___param_bank                                      (abs)        000000
___rparam_used                                     (abs)        000001
___sp                                              stack        000000
__accesstop                                        (abs)        000080
__activetblptr                                     (abs)        000003
__end_of_ADC_DefaultInterruptHandler               text55       0024D4
__end_of_ADC_GetConversionResult                   text56       0022A4
__end_of_ADC_ISR                                   text54       002CDE
__end_of_ADC_Init                                  text29       002364
__end_of_ADC_SelectChannel                         text34       002C42
__end_of_ADC_StartConversion                       text33       002D02
__end_of_ADC_StartConversion_Interrupt             text32       002C08
__end_of_CCP1_ISR                                  text53       002E22
__end_of_CCP2_ISR                                  text52       002E1E
__end_of_INT0_ISR                                  text51       002E1A
__end_of_INT1_ISR                                  text50       002E16
__end_of_INT2_ISR                                  text49       002E12
__end_of_InterruptManager                          intcode_body 001444
__end_of_MSSP_I2C_BC_ISR                           text48       002E0E
__end_of_MSSP_I2C_ISR                              text47       002E0A
__end_of_RB4_ISR                                   text46       002DA6
__end_of_RB5_ISR                                   text45       002D8C
__end_of_RB6_ISR                                   text44       002D72
__end_of_RB7_ISR                                   text43       002D58
__end_of_TMR0_ISR                                  text42       002DF6
__end_of_TMR1_ISR                                  text41       002DE8
__end_of_TMR2_ISR                                  text40       002DFE
__end_of_TMR3_ISR                                  text39       002DDA
__end_of_USART_RX_ISR                              text38       002E26
__end_of_USART_TX_ISR                              text37       002E06
__end_of___awdiv                                   text15       0021E0
__end_of___awmod                                   text14       002584
__end_of__initialization                           cinit        0027E0
__end_of_abs                                       text13       002BCA
__end_of_adc_input_channel_port_config             text35       002052
__end_of_application_intialize                     text17       002DCC
__end_of_btn_values                                smallconst   001011
__end_of_configure_voltage_reference               text31       002B02
__end_of_convert_uint16_to_string                  text4        00241E
__end_of_dtoa                                      text8        001818
__end_of_ecu_layer_intialize                       text18       002D3E
__end_of_fputc                                     text11       00211C
__end_of_fputs                                     text10       002B46
__end_of_gpio_pin_direction_intialize              text28       001AD2
__end_of_gpio_pin_intialize                        text26       0029B4
__end_of_gpio_pin_write_logic                      text27       001D2A
__end_of_lcd_4bit_intialize                        text22       001F7A
__end_of_lcd_4bit_send_char_data                   text3        0028D6
__end_of_lcd_4bit_send_command                     text23       002948
__end_of_lcd_4bit_send_enable_signal               text25       002CAE
__end_of_lcd_4bit_send_string_pos                  text1        0026CC
__end_of_lcd_4bit_set_cursor                       text2        00262C
__end_of_lcd_8bit_intialize                        text19       001E52
__end_of_lcd_8bit_send_command                     text20       00275C
__end_of_lcd_8bit_send_enable_signal               text21       002C78
__end_of_lcd_send_4bits                            text24       002A1C
__end_of_main                                      text0        001682
__end_of_memset                                    text16       00198E
__end_of_pad                                       text9        002864
__end_of_putch                                     text12       002E24
__end_of_select_result_format                      text30       002B8A
__end_of_sprintf                                   text5        002AB8
__end_of_vfpfcnvrt                                 text7        001BFE
__end_of_vfprintf                                  text6        002A6C
__initialization                                   cinit        00275C
__mediumconst                                      mediumconst  000000
__pbssBANK0                                        bssBANK0     000080
__pbssBANK1                                        bssBANK1     000100
__pbssCOMRAM                                       bssCOMRAM    000065
__pcinit                                           cinit        00275C
__pcstackBANK0                                     cstackBANK0  0000FF
__pcstackBANK1                                     cstackBANK1  00013A
__pcstackCOMRAM                                    cstackCOMRAM 000001
__pdataBANK0                                       dataBANK0    0000DE
__pdataBANK1                                       dataBANK1    000126
__pdataCOMRAM                                      dataCOMRAM   00006F
__pidataBANK0                                      idataBANK0   002D02
__pidataBANK1                                      idataBANK1   002DA6
__pidataCOMRAM                                     idataCOMRAM  002DFE
__pintcode                                         intcode      000008
__pintcode_body                                    intcode_body 00103E
__psmallconst                                      smallconst   001000
__ptext0                                           text0        001444
__ptext1                                           text1        00262C
__ptext10                                          text10       002B02
__ptext11                                          text11       002052
__ptext12                                          text12       002E22
__ptext13                                          text13       002B8A
__ptext14                                          text14       0024D4
__ptext15                                          text15       00211C
__ptext16                                          text16       001818
__ptext17                                          text17       002DBA
__ptext18                                          text18       002D24
__ptext19                                          text19       001D2A
__ptext2                                           text2        002584
__ptext20                                          text20       0026CC
__ptext21                                          text21       002C42
__ptext22                                          text22       001E52
__ptext23                                          text23       0028D6
__ptext24                                          text24       0029B4
__ptext25                                          text25       002C78
__ptext26                                          text26       002948
__ptext27                                          text27       001BFE
__ptext28                                          text28       00198E
__ptext29                                          text29       0022A4
__ptext3                                           text3        002864
__ptext30                                          text30       002B46
__ptext31                                          text31       002AB8
__ptext32                                          text32       002BCA
__ptext33                                          text33       002CDE
__ptext34                                          text34       002C08
__ptext35                                          text35       001F7A
__ptext37                                          text37       002E02
__ptext38                                          text38       002E24
__ptext39                                          text39       002DCC
__ptext4                                           text4        002364
__ptext40                                          text40       002DF6
__ptext41                                          text41       002DDA
__ptext42                                          text42       002DE8
__ptext43                                          text43       002D3E
__ptext44                                          text44       002D58
__ptext45                                          text45       002D72
__ptext46                                          text46       002D8C
__ptext47                                          text47       002E06
__ptext48                                          text48       002E0A
__ptext49                                          text49       002E0E
__ptext5                                           text5        002A6C
__ptext50                                          text50       002E12
__ptext51                                          text51       002E16
__ptext52                                          text52       002E1A
__ptext53                                          text53       002E1E
__ptext54                                          text54       002CAE
__ptext55                                          text55       00241E
__ptext56                                          text56       0021E0
__ptext57                                          text57       000000
__ptext6                                           text6        002A1C
__ptext7                                           text7        001AD2
__ptext8                                           text8        001682
__ptext9                                           text9        0027EA
__ramtop                                           ramtop       001000
__smallconst                                       smallconst   001000
_abs                                               text13       002B8A
_adc_1                                             dataBANK0    0000F2
_adc_input_channel_port_config                     text35       001F7A
_adc_result_1                                      bssBANK0     00008A
_adc_result_1_txt                                  bssBANK0     0000D8
_adc_result_2                                      bssBANK0     000088
_adc_result_2_txt                                  bssBANK0     0000D2
_adc_result_3                                      bssBANK0     000086
_adc_result_3_txt                                  bssBANK0     0000CC
_adc_result_4                                      bssBANK0     000084
_adc_result_4_txt                                  bssBANK0     0000C6
_application_intialize                             text17       002DBA
_btn_values                                        smallconst   001001
_configure_voltage_reference                       text31       002AB8
_convert_uint16_to_string                          text4        002364
_dbuf                                              bssBANK1     000106
_dtoa                                              text8        001682
_dtoa$4672                                         cstackCOMRAM 00002C
_ecu_layer_intialize                               text18       002D24
_flags                                             bssCOMRAM    000065
_fputc                                             text11       002052
_fputs                                             text10       002B02
_gpio_pin_direction_intialize                      text28       00198E
_gpio_pin_intialize                                text26       002948
_gpio_pin_write_logic                              text27       001BFE
_lat_registers                                     dataBANK0    0000DE
_lcd_1                                             dataBANK0    0000F9
_lcd_2                                             dataBANK1    000130
_lcd_4bit_intialize                                text22       001E52
_lcd_4bit_send_char_data                           text3        002864
_lcd_4bit_send_command                             text23       0028D6
_lcd_4bit_send_enable_signal                       text25       002C78
_lcd_4bit_send_string_pos                          text1        00262C
_lcd_4bit_set_cursor                               text2        002584
_lcd_8bit_intialize                                text19       001D2A
_lcd_8bit_send_command                             text20       0026CC
_lcd_8bit_send_enable_signal                       text21       002C42
_lcd_send_4bits                                    text24       0029B4
_main                                              text0        001444
_memset                                            text16       001818
_pad                                               text9        0027EA
_port_registers                                    dataBANK1    000126
_prec                                              bssBANK0     000082
_putch                                             text12       002E22
_select_result_format                              text30       002B46
_sprintf                                           text5        002A6C
_timer0_preload                                    bssBANK0     0000A0
_timer1_preload                                    bssBANK0     00009C
_timer2_preload                                    bssCOMRAM    000067
_timer3_preload                                    bssBANK0     000096
_tris_registers                                    dataBANK0    0000E8
_vfpfcnvrt                                         text7        001AD2
_vfprintf                                          text6        002A1C
_width                                             bssBANK0     000080
abs@a                                              cstackCOMRAM 000013
adc_input_channel_port_config@channel              cstackCOMRAM 00000F
btemp                                              temp         000073
configure_voltage_reference@_adc                   cstackCOMRAM 00000D
convert_uint16_to_string@DataCounter               cstackBANK1  000141
convert_uint16_to_string@Temp_String               cstackBANK1  00013A
convert_uint16_to_string@ret                       cstackBANK1  000140
convert_uint16_to_string@str                       cstackCOMRAM 000063
convert_uint16_to_string@value                     cstackCOMRAM 000061
dtoa@d                                             cstackCOMRAM 00002A
dtoa@fp                                            cstackCOMRAM 000028
dtoa@i                                             cstackCOMRAM 000033
dtoa@p                                             cstackCOMRAM 00002E
dtoa@s                                             cstackCOMRAM 000032
dtoa@w                                             cstackCOMRAM 000030
end_of_initialization                              cinit        0027E0
fputc@c                                            cstackCOMRAM 00000D
fputc@fp                                           cstackCOMRAM 00000F
fputs@c                                            cstackCOMRAM 00001A
fputs@fp                                           cstackCOMRAM 000018
fputs@i                                            cstackCOMRAM 00001B
fputs@s                                            cstackCOMRAM 000016
gpio_pin_direction_intialize@_pin_config           cstackCOMRAM 00000D
gpio_pin_direction_intialize@ret                   cstackCOMRAM 000015
gpio_pin_intialize@_pin_config                     cstackCOMRAM 000017
gpio_pin_intialize@ret                             cstackCOMRAM 00001A
gpio_pin_write_logic@_pin_config                   cstackCOMRAM 00000D
gpio_pin_write_logic@logic                         cstackCOMRAM 00000F
gpio_pin_write_logic@ret                           cstackCOMRAM 000016
int$flags                                          temp         000073
int_func                                           intcode_body 00103E
intlevel0                                          text         000000
intlevel1                                          text         000000
intlevel2                                          text         000000
intlevel3                                          text         000000
isa$std                                            (abs)        000001
isa$xinst                                          (abs)        000000
lcd_4bit_intialize@l_data_pins_counter             cstackCOMRAM 000023
lcd_4bit_intialize@lcd                             cstackCOMRAM 00001F
lcd_4bit_intialize@ret                             cstackCOMRAM 000024
lcd_4bit_send_char_data@data                       cstackCOMRAM 00001D
lcd_4bit_send_char_data@lcd                        cstackCOMRAM 00001B
lcd_4bit_send_char_data@ret                        cstackCOMRAM 00001E
lcd_4bit_send_command@command                      cstackCOMRAM 00001D
lcd_4bit_send_command@lcd                          cstackCOMRAM 00001B
lcd_4bit_send_command@ret                          cstackCOMRAM 00001E
lcd_4bit_send_enable_signal@lcd                    cstackCOMRAM 000017
lcd_4bit_send_enable_signal@ret                    cstackCOMRAM 000019
lcd_4bit_send_string_pos@column                    cstackCOMRAM 000029
lcd_4bit_send_string_pos@lcd                       cstackCOMRAM 000026
lcd_4bit_send_string_pos@ret                       cstackCOMRAM 00002C
lcd_4bit_send_string_pos@row                       cstackCOMRAM 000028
lcd_4bit_send_string_pos@str                       cstackCOMRAM 00002A
lcd_4bit_set_cursor@coulmn                         cstackCOMRAM 000022
lcd_4bit_set_cursor@lcd                            cstackCOMRAM 00001F
lcd_4bit_set_cursor@ret                            cstackCOMRAM 000025
lcd_4bit_set_cursor@row                            cstackCOMRAM 000021
lcd_8bit_intialize@l_data_pins_counter             cstackCOMRAM 000027
lcd_8bit_intialize@lcd                             cstackCOMRAM 000023
lcd_8bit_intialize@ret                             cstackCOMRAM 000028
lcd_8bit_send_command@command                      cstackCOMRAM 00001C
lcd_8bit_send_command@l_pin_counter                cstackCOMRAM 000022
lcd_8bit_send_command@lcd                          cstackCOMRAM 00001A
lcd_8bit_send_command@ret                          cstackCOMRAM 000021
lcd_8bit_send_enable_signal@lcd                    cstackCOMRAM 000017
lcd_8bit_send_enable_signal@ret                    cstackCOMRAM 000019
lcd_send_4bits@_data_command                       cstackCOMRAM 000019
lcd_send_4bits@lcd                                 cstackCOMRAM 000017
lcd_send_4bits@ret                                 cstackCOMRAM 00001A
led_initialize@F3048                               bssCOMRAM    00006E
led_turn_off@F3058                                 bssCOMRAM    00006C
led_turn_on@F3053                                  bssCOMRAM    00006D
led_turn_toggle@F3063                              bssCOMRAM    00006B
main@ret                                           cstackBANK0  0000FF
memset@c                                           cstackCOMRAM 00000F
memset@dest                                        cstackCOMRAM 00000D
memset@k                                           cstackCOMRAM 000015
memset@n                                           cstackCOMRAM 000011
memset@s                                           cstackCOMRAM 000017
pad@buf                                            cstackCOMRAM 00001F
pad@fp                                             cstackCOMRAM 00001D
pad@i                                              cstackCOMRAM 000024
pad@p                                              cstackCOMRAM 000021
pad@w                                              cstackCOMRAM 000026
relay_initialize@F3042                             bssCOMRAM    00006A
relay_turn_off@F3052                               bssCOMRAM    000068
relay_turn_on@F3047                                bssCOMRAM    000069
select_result_format@_adc                          cstackCOMRAM 00000D
sprintf@ap                                         cstackCOMRAM 000053
sprintf@f                                          cstackCOMRAM 000055
sprintf@fmt                                        cstackCOMRAM 00004D
sprintf@s                                          cstackCOMRAM 00004B
stackhi                                            (abs)        000000
stacklo                                            (abs)        000000
start                                              init         00000E
start_initialization                               cinit        00275C
ttemp5                                             temp         000074
ttemp6                                             temp         000077
ttemp7                                             temp         00007B
vfpfcnvrt@ap                                       cstackCOMRAM 000039
vfpfcnvrt@convarg                                  cstackCOMRAM 00003D
vfpfcnvrt@cp                                       cstackCOMRAM 000041
vfpfcnvrt@fmt                                      cstackCOMRAM 000037
vfpfcnvrt@fp                                       cstackCOMRAM 000035
vfprintf@ap                                        cstackCOMRAM 000047
vfprintf@cfmt                                      cstackCOMRAM 000049
vfprintf@fmt                                       cstackCOMRAM 000045
vfprintf@fp                                        cstackCOMRAM 000043
wtemp8                                             temp         000074


MODULE INFORMATION

Module		Function		Class		Link	Load	Size
C:\Program Files\Microchip\xc8\v2.41\pic\sources\c99\common\awmod.c
		___awmod       		CODE           	24D4	0000	176

C:\Program Files\Microchip\xc8\v2.41\pic\sources\c99\common\awmod.c estimated size: 176

C:\Program Files\Microchip\xc8\v2.41\pic\sources\c99\common\nf_fputc.c
		_fputc         		CODE           	2052	0000	202

C:\Program Files\Microchip\xc8\v2.41\pic\sources\c99\common\nf_fputc.c estimated size: 202

C:\Program Files\Microchip\xc8\v2.41\pic\sources\c99\common\memset.c
		_memset        		CODE           	1818	0000	374

C:\Program Files\Microchip\xc8\v2.41\pic\sources\c99\common\memset.c estimated size: 374

C:\Program Files\Microchip\xc8\v2.41\pic\sources\c99\common\nf_sprintf.c
		_sprintf       		CODE           	2A6C	0000	76

C:\Program Files\Microchip\xc8\v2.41\pic\sources\c99\common\nf_sprintf.c estimated size: 76

C:\Program Files\Microchip\xc8\v2.41\pic\sources\c99\common\awdiv.c
		___awdiv       		CODE           	211C	0000	196

C:\Program Files\Microchip\xc8\v2.41\pic\sources\c99\common\awdiv.c estimated size: 196

ECU_Layer/Chr_LCD/ecu_chr_lcd.c
		_lcd_8bit_intialize		CODE           	1D2A	0000	296
		_lcd_8bit_send_enable_signal		CODE           	2C42	0000	54
		_lcd_4bit_send_command		CODE           	28D6	0000	114
		_lcd_4bit_send_string_pos		CODE           	262C	0000	160
		_lcd_4bit_send_char_data		CODE           	2864	0000	114
		_lcd_send_4bits		CODE           	29B4	0000	104
		_lcd_4bit_intialize		CODE           	1E52	0000	296
		_convert_uint16_to_string		CODE           	2364	0000	186
		_lcd_4bit_set_cursor		CODE           	2584	0000	168
		_lcd_4bit_send_enable_signal		CODE           	2C78	0000	54
		_lcd_8bit_send_command		CODE           	26CC	0000	144

ECU_Layer/Chr_LCD/ecu_chr_lcd.c estimated size: 1690

MCAL_Layer/I2C/hal_i2c.c
		_MSSP_I2C_ISR  		CODE           	2E06	0000	4
		_MSSP_I2C_BC_ISR		CODE           	2E0A	0000	4

MCAL_Layer/I2C/hal_i2c.c estimated size: 8

C:\Program Files\Microchip\xc8\v2.41\pic\sources\c99\common\abs.c
		_abs           		CODE           	2B8A	0000	64

C:\Program Files\Microchip\xc8\v2.41\pic\sources\c99\common\abs.c estimated size: 64

C:\Program Files\Microchip\xc8\v2.41\pic\sources\c99\common\doprnt.c
		_vfpfcnvrt     		CODE           	1AD2	0000	300
		_pad           		CODE           	27EA	0000	122
		_dtoa          		CODE           	1682	0000	406
		_vfprintf      		CODE           	2A1C	0000	80

C:\Program Files\Microchip\xc8\v2.41\pic\sources\c99\common\doprnt.c estimated size: 908

shared
		_btn_values    		SMALLCONST     	1001	0000	16
		__initialization		CODE           	275C	0000	132

shared estimated size: 148

MCAL_Layer/Interrupt/mcal_external_interrupt.c
		_RB4_ISR       		CODE           	2D8C	0000	26
		_RB5_ISR       		CODE           	2D72	0000	26
		_RB6_ISR       		CODE           	2D58	0000	26
		_RB7_ISR       		CODE           	2D3E	0000	26
		_INT0_ISR      		CODE           	2E16	0000	4
		_INT1_ISR      		CODE           	2E12	0000	4
		_INT2_ISR      		CODE           	2E0E	0000	4

MCAL_Layer/Interrupt/mcal_external_interrupt.c estimated size: 116

MCAL_Layer/ADC/hal_adc.c
		_ADC_StartConversion_Interrupt		CODE           	2BCA	0000	62
		_adc_input_channel_port_config		CODE           	1F7A	0000	216
		_ADC_GetConversionResult		CODE           	21E0	0000	196
		_configure_voltage_reference		CODE           	2AB8	0000	74
		_ADC_StartConversion		CODE           	2CDE	0000	36
		_ADC_ISR       		CODE           	2CAE	0000	48
		_ADC_SelectChannel		CODE           	2C08	0000	58
		_ADC_Init      		CODE           	22A4	0000	192
		_select_result_format		CODE           	2B46	0000	68

MCAL_Layer/ADC/hal_adc.c estimated size: 950

MCAL_Layer/Interrupt/mcal_interrupt_manager.c
		_InterruptManager		CODE           	0008	0000	1036

MCAL_Layer/Interrupt/mcal_interrupt_manager.c estimated size: 1036

MCAL_Layer/GPIO/hal_gpio.c
		_gpio_pin_write_logic		CODE           	1BFE	0000	300
		_gpio_pin_intialize		CODE           	2948	0000	108
		_gpio_pin_direction_intialize		CODE           	198E	0000	324

MCAL_Layer/GPIO/hal_gpio.c estimated size: 732

MCAL_Layer/USART/hal_usart.c
		_USART_RX_ISR  		CODE           	2E24	0000	2
		_USART_TX_ISR  		CODE           	2E02	0000	4

MCAL_Layer/USART/hal_usart.c estimated size: 6

C:\Program Files\Microchip\xc8\v2.41\pic\sources\c99\common\putch.c
		_putch         		CODE           	2E22	0000	2

C:\Program Files\Microchip\xc8\v2.41\pic\sources\c99\common\putch.c estimated size: 2

C:\Program Files\Microchip\xc8\v2.41\pic\sources\c99\common\nf_fputs.c
		_fputs         		CODE           	2B02	0000	68

C:\Program Files\Microchip\xc8\v2.41\pic\sources\c99\common\nf_fputs.c estimated size: 68

ECU_Layer/ecu_layer_init.c
		_ecu_layer_intialize		CODE           	2D24	0000	26

ECU_Layer/ecu_layer_init.c estimated size: 26

application.c
		_ADC_DefaultInterruptHandler		CODE           	241E	0000	182
		_main          		CODE           	1444	0000	574
		_application_intialize		CODE           	2DBA	0000	18

application.c estimated size: 774

MCAL_Layer/Timer3/hal_timer3.c
		_TMR3_ISR      		CODE           	2DCC	0000	14

MCAL_Layer/Timer3/hal_timer3.c estimated size: 14

MCAL_Layer/Timer2/hal_timer2.c
		_TMR2_ISR      		CODE           	2DF6	0000	8

MCAL_Layer/Timer2/hal_timer2.c estimated size: 8

MCAL_Layer/Timer1/hal_timer1.c
		_TMR1_ISR      		CODE           	2DDA	0000	14

MCAL_Layer/Timer1/hal_timer1.c estimated size: 14

MCAL_Layer/Timer0/hal_timer0.c
		_TMR0_ISR      		CODE           	2DE8	0000	14

MCAL_Layer/Timer0/hal_timer0.c estimated size: 14

MCAL_Layer/CCP/hal_ccp.c
		_CCP1_ISR      		CODE           	2E1E	0000	4
		_CCP2_ISR      		CODE           	2E1A	0000	4

MCAL_Layer/CCP/hal_ccp.c estimated size: 8

